// Jest Snapshot v1, https://goo.gl/fbAQLP

exports[`Page.tsx should take a snapshot 1`] = `
<DocumentFragment>
  <h2>
    Demo
  </h2>
  <ul>
    <li>
      <a
        data-testid="roter-link"
        href="/act"
      >
        /act
      </a>
    </li>
    <li>
      <a
        data-testid="roter-link"
        href="/global-style"
      >
        /global-style
      </a>
    </li>
    <li>
      <a
        data-testid="roter-link"
        href="/wait-for"
      >
        /wait-for
      </a>
    </li>
  </ul>
</DocumentFragment>
`;
